2026-10-09T12:48:42,080 Using pip 23.0.1 from /home/org/Documents/piscine-django/MODELOS/ex03/01/local_lib/lib/python3.11/site-packages/pip (python 3.11)
2026-10-09T12:48:42,080 Non-user install because user site-packages disabled
2026-10-09T12:48:42,098 Created temporary directory: /tmp/pip-build-tracker-59dyqake
2026-10-09T12:48:42,098 Initialized build tracking at /tmp/pip-build-tracker-59dyqake
2026-10-09T12:48:42,098 Created build tracker: /tmp/pip-build-tracker-59dyqake
2026-10-09T12:48:42,098 Entered build tracker: /tmp/pip-build-tracker-59dyqake
2026-10-09T12:48:42,098 Created temporary directory: /tmp/pip-install-zv7oj7m1
2026-10-09T12:48:42,098 Created temporary directory: /tmp/pip-ephem-wheel-cache-i85lyx8x
2026-10-09T12:48:42,111 Collecting git+https://github.com/jaraco/path.py.git
2026-10-09T12:48:42,111   Created temporary directory: /tmp/pip-req-build-961ini15
2026-10-09T12:48:42,111   Cloning https://github.com/jaraco/path.py.git to /tmp/pip-req-build-961ini15
2026-10-09T12:48:42,111   Running command git version
2026-10-09T12:48:42,112   git version 2.39.5
2026-10-09T12:48:42,112   Running command git clone --filter=blob:none --quiet https://github.com/jaraco/path.py.git /tmp/pip-req-build-961ini15
2026-10-09T12:48:45,846   Running command git rev-parse HEAD
2026-10-09T12:48:45,847   67319bba24b0986abcf6c5a749a1b8ab6359bb22
2026-10-09T12:48:45,848   Resolved https://github.com/jaraco/path.py.git to commit 67319bba24b0986abcf6c5a749a1b8ab6359bb22
2026-10-09T12:48:45,848   Running command git rev-parse HEAD
2026-10-09T12:48:45,849   67319bba24b0986abcf6c5a749a1b8ab6359bb22
2026-10-09T12:48:45,849   Added git+https://github.com/jaraco/path.py.git to build tracker '/tmp/pip-build-tracker-59dyqake'
2026-10-09T12:48:45,850   Created temporary directory: /tmp/pip-build-env-pg7f1iov
2026-10-09T12:48:45,851   Running command pip subprocess to install build dependencies
2026-10-09T12:48:46,011   Using pip 23.0.1 from /home/org/Documents/piscine-django/MODELOS/ex03/01/local_lib/lib/python3.11/site-packages/pip (python 3.11)
2026-10-09T12:48:46,436   Collecting setuptools>=77
2026-10-09T12:48:46,713     Downloading setuptools-84.0.0-py3-none-any.whl (818 kB)
2026-10-09T12:48:46,927        ━━━━━━━━━━━━━━━━━━━━━━━━━━━━━━━━━━━━━━━ 818.2/818.2 kB 3.8 MB/s eta 0:00:00
2026-10-09T12:48:47,015   Collecting setuptools_scm[toml]>=3.4.1
2026-10-09T12:48:47,066     Downloading setuptools_scm-10.3.4-py3-none-any.whl (33 kB)
2026-10-09T12:48:47,336   Collecting coherent.licensed
2026-10-09T12:48:47,603     Downloading coherent_licensed-0.5.2-py3-none-any.whl (4.6 kB)
2026-10-09T12:48:47,677   Collecting vcs-versioning<3,>=2.5.0.dev0
2026-10-09T12:48:47,726     Downloading vcs_versioning-2.6.0-py3-none-any.whl (123 kB)
2026-10-09T12:48:47,733        ━━━━━━━━━━━━━━━━━━━━━━━━━━━━━━━━━━━━━━ 123.2/123.2 kB 17.5 MB/s eta 0:00:00
2026-10-09T12:48:47,799   Collecting packaging>=20
2026-10-09T12:48:47,861     Downloading packaging-26.3-py3-none-any.whl (129 kB)
2026-10-09T12:48:47,879        ━━━━━━━━━━━━━━━━━━━━━━━━━━━━━━━━━━━━━━━ 130.0/130.0 kB 7.5 MB/s eta 0:00:00
2026-10-09T12:48:47,967   Installing collected packages: setuptools, packaging, coherent.licensed, vcs-versioning, setuptools_scm
2026-10-09T12:48:48,287     Creating /tmp/pip-build-env-pg7f1iov/overlay/bin
2026-10-09T12:48:48,288     changing mode of /tmp/pip-build-env-pg7f1iov/overlay/bin/vcs-versioning to 755
2026-10-09T12:48:48,304     changing mode of /tmp/pip-build-env-pg7f1iov/overlay/bin/setuptools-scm to 755
2026-10-09T12:48:48,312   Successfully installed coherent.licensed-0.5.2 packaging-26.3 setuptools-84.0.0 setuptools_scm-10.3.4 vcs-versioning-2.6.0
2026-10-09T12:48:48,357   Running command Getting requirements to build wheel
2026-10-09T12:48:49,044   running egg_info
2026-10-09T12:48:49,045   creating path.egg-info
2026-10-09T12:48:49,049   writing path.egg-info/PKG-INFO
2026-10-09T12:48:49,051   writing dependency_links to path.egg-info/dependency_links.txt
2026-10-09T12:48:49,051   writing requirements to path.egg-info/requires.txt
2026-10-09T12:48:49,051   writing top-level names to path.egg-info/top_level.txt
2026-10-09T12:48:49,054   writing manifest file 'path.egg-info/SOURCES.txt'
2026-10-09T12:48:49,055   adding license file 'LICENSE'
2026-10-09T12:48:49,056   writing manifest file 'path.egg-info/SOURCES.txt'
2026-10-09T12:48:49,074   Created temporary directory: /tmp/pip-modern-metadata-lbdyb942
2026-10-09T12:48:49,074   Running command Preparing metadata (pyproject.toml)
2026-10-09T12:48:49,193   running dist_info
2026-10-09T12:48:49,194   creating /tmp/pip-modern-metadata-lbdyb942/path.egg-info
2026-10-09T12:48:49,199   writing /tmp/pip-modern-metadata-lbdyb942/path.egg-info/PKG-INFO
2026-10-09T12:48:49,200   writing dependency_links to /tmp/pip-modern-metadata-lbdyb942/path.egg-info/dependency_links.txt
2026-10-09T12:48:49,201   writing requirements to /tmp/pip-modern-metadata-lbdyb942/path.egg-info/requires.txt
2026-10-09T12:48:49,201   writing top-level names to /tmp/pip-modern-metadata-lbdyb942/path.egg-info/top_level.txt
2026-10-09T12:48:49,205   writing manifest file '/tmp/pip-modern-metadata-lbdyb942/path.egg-info/SOURCES.txt'
2026-10-09T12:48:49,206   adding license file 'LICENSE'
2026-10-09T12:48:49,207   writing manifest file '/tmp/pip-modern-metadata-lbdyb942/path.egg-info/SOURCES.txt'
2026-10-09T12:48:49,207   creating '/tmp/pip-modern-metadata-lbdyb942/path-17.1.2.dev11+g67319bba2.dist-info'
2026-10-09T12:48:49,228   Source in /tmp/pip-req-build-961ini15 has version 17.1.2.dev11+g67319bba2, which satisfies requirement path==17.1.2.dev11+g67319bba2 from git+https://github.com/jaraco/path.py.git
2026-10-09T12:48:49,228   Removed path==17.1.2.dev11+g67319bba2 from git+https://github.com/jaraco/path.py.git from build tracker '/tmp/pip-build-tracker-59dyqake'
2026-10-09T12:48:49,237 Created temporary directory: /tmp/pip-unpack-5__n0_pk
2026-10-09T12:48:49,238 Building wheels for collected packages: path
2026-10-09T12:48:49,238   Created temporary directory: /tmp/pip-wheel-owv12m5y
2026-10-09T12:48:49,238   Destination directory: /tmp/pip-wheel-owv12m5y
2026-10-09T12:48:49,239   Running command Building wheel for path (pyproject.toml)
2026-10-09T12:48:49,355   running bdist_wheel
2026-10-09T12:48:49,357   running build
2026-10-09T12:48:49,357   running build_py
2026-10-09T12:48:49,358   creating build/lib/path
2026-10-09T12:48:49,358   copying path/matchers.py -> build/lib/path
2026-10-09T12:48:49,358   copying path/masks.py -> build/lib/path
2026-10-09T12:48:49,358   copying path/__init__.py -> build/lib/path
2026-10-09T12:48:49,358   copying path/classes.py -> build/lib/path
2026-10-09T12:48:49,358   creating build/lib/path/compat
2026-10-09T12:48:49,358   copying path/compat/py38.py -> build/lib/path/compat
2026-10-09T12:48:49,358   running egg_info
2026-10-09T12:48:49,363   writing path.egg-info/PKG-INFO
2026-10-09T12:48:49,364   writing dependency_links to path.egg-info/dependency_links.txt
2026-10-09T12:48:49,364   writing requirements to path.egg-info/requires.txt
2026-10-09T12:48:49,364   writing top-level names to path.egg-info/top_level.txt
2026-10-09T12:48:49,368   adding license file 'LICENSE'
2026-10-09T12:48:49,368   writing manifest file 'path.egg-info/SOURCES.txt'
2026-10-09T12:48:49,368   copying path/py.typed -> build/lib/path
2026-10-09T12:48:49,370   installing to build/bdist.linux-x86_64/wheel
2026-10-09T12:48:49,370   running install
2026-10-09T12:48:49,373   running install_lib
2026-10-09T12:48:49,373   creating build/bdist.linux-x86_64/wheel
2026-10-09T12:48:49,373   creating build/bdist.linux-x86_64/wheel/path
2026-10-09T12:48:49,373   copying build/lib/path/matchers.py -> build/bdist.linux-x86_64/wheel/./path
2026-10-09T12:48:49,374   copying build/lib/path/masks.py -> build/bdist.linux-x86_64/wheel/./path
2026-10-09T12:48:49,374   copying build/lib/path/__init__.py -> build/bdist.linux-x86_64/wheel/./path
2026-10-09T12:48:49,374   copying build/lib/path/py.typed -> build/bdist.linux-x86_64/wheel/./path
2026-10-09T12:48:49,374   copying build/lib/path/classes.py -> build/bdist.linux-x86_64/wheel/./path
2026-10-09T12:48:49,374   creating build/bdist.linux-x86_64/wheel/path/compat
2026-10-09T12:48:49,374   copying build/lib/path/compat/py38.py -> build/bdist.linux-x86_64/wheel/./path/compat
2026-10-09T12:48:49,374   running install_egg_info
2026-10-09T12:48:49,375   Copying path.egg-info to build/bdist.linux-x86_64/wheel/./path-17.1.2.dev11+g67319bba2-py3.11.egg-info
2026-10-09T12:48:49,375   running install_scripts
2026-10-09T12:48:49,375   creating build/bdist.linux-x86_64/wheel/path-17.1.2.dev11+g67319bba2.dist-info/WHEEL
2026-10-09T12:48:49,375   creating '/tmp/pip-wheel-owv12m5y/.tmp-zb4f7w6s/path-17.1.2.dev11+g67319bba2-py3-none-any.whl' and adding 'build/bdist.linux-x86_64/wheel' to it
2026-10-09T12:48:49,377   adding 'path/__init__.py'
2026-10-09T12:48:49,377   adding 'path/classes.py'
2026-10-09T12:48:49,377   adding 'path/masks.py'
2026-10-09T12:48:49,377   adding 'path/matchers.py'
2026-10-09T12:48:49,378   adding 'path/py.typed'
2026-10-09T12:48:49,378   adding 'path/compat/py38.py'
2026-10-09T12:48:49,378   adding 'path-17.1.2.dev11+g67319bba2.dist-info/licenses/LICENSE'
2026-10-09T12:48:49,378   adding 'path-17.1.2.dev11+g67319bba2.dist-info/METADATA'
2026-10-09T12:48:49,378   adding 'path-17.1.2.dev11+g67319bba2.dist-info/WHEEL'
2026-10-09T12:48:49,378   adding 'path-17.1.2.dev11+g67319bba2.dist-info/top_level.txt'
2026-10-09T12:48:49,378   adding 'path-17.1.2.dev11+g67319bba2.dist-info/RECORD'
2026-10-09T12:48:49,379   removing build/bdist.linux-x86_64/wheel
2026-10-09T12:48:49,396   Created wheel for path: filename=path-17.1.2.dev11+g67319bba2-py3-none-any.whl size=24155 sha256=0285195a1459f703b2345678ce11a79fe7563fffa84508139e36c30e13e998f1
2026-10-09T12:48:49,396   Stored in directory: /tmp/pip-ephem-wheel-cache-i85lyx8x/wheels/1a/52/e6/a1bab74b890d6482a65dc4fe807ee2ff8265633742d96c8a79
2026-10-09T12:48:49,398 Successfully built path
2026-10-09T12:48:49,426 Installing collected packages: path
2026-10-09T12:48:49,426   Running command git rev-parse HEAD
2026-10-09T12:48:49,428   67319bba24b0986abcf6c5a749a1b8ab6359bb22

2026-10-09T12:48:49,451 Successfully installed path-17.1.2.dev11+g67319bba2
2026-10-09T12:48:49,451 Removed build tracker: '/tmp/pip-build-tracker-59dyqake'
